Vault 环境自检报告
============================================================
时间      : 2026-09-30 22:28:11
主机      : WIN-0E595H11JSS
操作系统  : windows/amd64
工作目录  : E:\vault-server-0.1.16-win64
参数      : skip-write=false keep=false lvm-sandbox=false sandbox-dir="" timeout=1m30s
日志      : E:\vault-server-0.1.16-win64\vault-check-WIN-0E595H11JSS-20260930-222811.log

=== A. 运行环境 ===
  [OK  ] PowerShell 可用性
         版本 5.1.26100（Desktop），编码 utf-8
  [OK  ] 进程位数
         64 位（iSCSI/Storage 模块要求 64 位 PowerShell）
  [OK  ] 管理员权限
         当前为管理员
  [OK  ] 沙箱目录
         C:\Users\ADMINI~1\AppData\Local\Temp\2\vaultcheck-3724051113

=== B. 外部命令 ===
  [OK  ] powershell.exe
         已在 PATH 中
  [OK  ] robocopy.exe
         已在 PATH 中
  [OK  ] icacls.exe
         已在 PATH 中
  [OK  ] cmd.exe
         已在 PATH 中
  [OK  ] robocopy 可执行
         exit=16（robocopy 的 /? 正常返回 16 或 0）

=== C. Windows 角色 / 服务 / 模块 ===
  [OK  ] IscsiTarget 模块
         版本 2.0.0.0
  [OK  ] 服务 WinTarget
         Running（Automatic）
  [FAIL] 服务 MSiSCSI
         服务状态=Stopped，iSCSI 相关操作会失败
         复现: Start-Service MSiSCSI ; Set-Service MSiSCSI -StartupType Automatic
  [OK  ] Hyper-V 模块（Set-VHD）
         可用：支持空间回收与重置磁盘标识
  [OK  ] Storage 模块 cmdlet（12 个）
         exit=0 耗时=4807ms
         json: {"ok":true,"checked":12}

=== D. VHDX + 卷链路（沙箱内真实执行） ===
  [OK  ] D1 创建 VHDX（64MB，动态）
         exit=0 耗时=6126ms
         stdout: iscsi
  [OK  ] D2 挂载 VHDX（Mount-DiskImage）
         exit=0 耗时=2242ms
         json: {"ok":true,"attached":true,"size":67108864}
  [OK  ] D3 刷新存储缓存（Update-HostStorageCache）
         exit=0 耗时=3100ms
         json: {"ok":true}
  [FAIL] D4 volume_find_disk.ps1（按路径反查磁盘号）
         exit=1 耗时=2858ms err=exit status 1
         json: {"ok":false,"reason":"disk_not_found","message":"未找到 Location 等于 C:\\Users\\ADMINI~1\\AppData\\Local\\Temp\\2\\vaultcheck-3724051113\\sandbox.vhdx 的磁盘"}
         复现: & .\scripts\volume_find_disk.ps1 -VhdxPath 'C:\Users\ADMINI~1\AppData\Local\Temp\2\vaultcheck-3724051113\sandbox.vhdx'
  [OK  ] D5 volume_update_cache.ps1
         exit=0 耗时=2034ms
         json: {"ok":true}
  [FAIL] D6 volume_ensure_formatted.ps1（初始化/分区/格式化）
         exit=1 耗时=2126ms err=exit status 1
         json: {"ok":false,"reason":"disk_not_found","message":"未找到 Location 等于 C:\\Users\\ADMINI~1\\AppData\\Local\\Temp\\2\\vaultcheck-3724051113\\sandbox.vhdx 的磁盘"}
         复现: & .\scripts\volume_ensure_formatted.ps1 -VhdxPath 'C:\Users\ADMINI~1\AppData\Local\Temp\2\vaultcheck-3724051113\sandbox.vhdx' -FileSystem NTFS -Label VAULT
  [WARN] D7 起的卷脚本
         D6 未返回 disk_number，跳过后续依赖磁盘号的脚本
  [OK  ] D12 volume_freespace.ps1
         exit=0 耗时=2140ms
         json: {"ok":true,"free":153246969856,"total":188828233728,"file_system":"NTFS","drive_letter":"C","source":"Get-Volume"}
  [OK  ] D13 volume_filesystem.ps1
         exit=0 耗时=2082ms
         json: {"ok":true,"file_system":"NTFS","drive_letter":"C","source":"Get-Volume"}
  [OK  ] D14 robocopy 递归拷贝
         exit=1（<8 即成功）
  [OK  ] D15 分离 VHDX（Dismount-DiskImage）
         exit=0 耗时=2103ms
         json: {"ok":true}

=== E. iSCSI 目标全链路（沙箱命名，自清理） ===
  [OK  ] E1 iscsi_available.ps1
         exit=0 耗时=397ms
         json: {"ok":true,"module_version":"2.0.0.0","service_name":"WinTarget","service_status":"Running"}
  [OK  ] E2 建目标（连字符名）
         exit=0 耗时=10011ms
         json: {"ok":true,"step":"done","action":"created","target_name":"vaultcheck-222844-a","initiator_ids_updated":false,"chap_enabled":false,"reverse_chap_enabled":false}
  [OK  ] E3 对照：带下划线名被拒绝
         符合 IQN 语法（'_' 非法）→ 目标名必须只用字母数字和 '-'
         exit=0 耗时=5781ms
         json: {"created":false,"type":"IscsiCmdException","message":"Unable to create the iSCSI target."}
  [OK  ] E4 iscsi_get_targets.ps1（枚举）
         exit=0 耗时=9586ms
         json: {"ok":true,"count":2,"targets":[{"name":"vault-0b2b0169-8a7c29a9","enabled":false,"initiator_ids":[],"mapped_devices":[]},{"name":"vaultcheck-222844-a","enabled":false,"initiator_ids":[],"mapped_devices":[]}]}
  [OK  ] E4b 目标名的真实存储形态
         exit=0 耗时=5871ms
         stdout: [{"TargetName":"vault-0b2b0169-8a7c29a9","Enabled":null},{"TargetName":"vaultcheck-222844-a","Enabled":null}]
  [OK  ] E5a Set -InitiatorIds @()（清空）
         exit=0 耗时=10149ms
         json: {"ok":true,"step":"done","action":"updated","target_name":"vaultcheck-222844-a","initiator_ids_updated":true,"chap_enabled":false,"reverse_chap_enabled":false}
  [FAIL] E5b Set -InitiatorIds 非空
         exit=1 耗时=4980ms err=exit status 1
         json: {"ok":false,"reason":"set_target_failed","step":"set_initiators","error_type":"ParameterBindingException","inner":"Specified method is not supported.","message":"Cannot convert \u0027IPAddress:127.0.0.1\u0027 to the type \u0027Microsoft.Iscsi.Target.Commands.InitiatorId\u0027 required by parameter \u0027InitiatorIds\u0027. Specified method is not supported."}
         复现: Set-IscsiServerTarget -TargetName 'vaultcheck-222844-a' -InitiatorIds @('IPAddress:127.0.0.1')
  [OK  ] E5c Set -Enable $false
         exit=0 耗时=10032ms
         json: {"ok":true,"step":"done","action":"updated","target_name":"vaultcheck-222844-a","initiator_ids_updated":false,"chap_enabled":false,"reverse_chap_enabled":false}
  [WARN] E5d CHAP 密钥形态
         本次使用 12 字节随机 base64 = 16 字符，样本=acMpWkp6zp4IojZ4；若 Windows 拒绝 CHAP，请优先怀疑密钥字符集
  [FAIL] E5d Set -EnableChap（单向 CHAP）
         exit=1 耗时=5008ms err=exit status 1
         json: {"ok":false,"reason":"set_target_failed","step":"set_chap","error_type":"MethodException","inner":"","message":"Cannot find an overload for \"Contains\" and the argument count: \"1\"."}
         复现: Set-IscsiServerTarget -TargetName 'vaultcheck-222844-a' -EnableChap:$true -Chap <PSCredential>
  [OK  ] E5e CHAP 参数类型探测
         exit=0 耗时=724ms
         stdout: Chap 参数类型: pscredential
  [OK  ] E6 iscsi_ensure_virtual_disk.ps1（登记虚拟盘）
         exit=0 耗时=11734ms
         json: {"ok":true,"action":"updated","path":"C:\\Users\\ADMINI~1\\AppData\\Local\\Temp\\2\\vaultcheck-3724051113\\sandbox.vhdx","description":"vaultcheck"}
  [OK  ] E7a 映射 cmdlet 参数名探测
         exit=0 耗时=775ms
         stdout: 参数: TargetName,Path,Lun,ComputerName,Credential,Verbose,Debug,ErrorAction,WarningAction,InformationAction,ErrorVariable,WarningVariable,InformationVariable,OutVariable,OutBuffer,PipelineVariable
  [OK  ] E7b iscsi_add_mapping.ps1（建立映射）
         exit=0 耗时=10226ms
         json: {"ok":true,"action":"added","target_name":"vaultcheck-222844-a","device_path":"C:\\Users\\ADMINI~1\\AppData\\Local\\Temp\\2\\vaultcheck-3724051113\\sandbox.vhdx"}
  [OK  ] E8 Set -Enable $true（映射后启用）
         exit=0 耗时=10040ms
         json: {"ok":true,"step":"done","action":"updated","target_name":"vaultcheck-222844-a","initiator_ids_updated":false,"chap_enabled":false,"reverse_chap_enabled":false}
  [OK  ] E9 iscsi_get_virtual_disks.ps1
         exit=0 耗时=5400ms
         json: {"ok":true,"count":2,"disks":[{"path":"D:\\VaultData\\disks\\diffs\\0b2b0169-d138-4ee2-a79e-c2d422b35f93\\8a7c29a9-76ed-4a5d-8dfa-b8aa52212e9e.vhdx","description":"vault:vault-0b2b0169-8a7c29a9","target_names":[]},{"path":"C:\\Users\\ADMINI~1\\AppData\\Local\\Temp\\2\\vaultcheck-3724051113\\sandbox.vhdx","description":"vaultcheck","target_names":[]}]}
  [OK  ] E10a iscsi_remove_mapping.ps1
         exit=0 耗时=5021ms
         json: {"ok":true,"action":"not_found","target_name":"vaultcheck-222844-a","device_path":"C:\\Users\\ADMINI~1\\AppData\\Local\\Temp\\2\\vaultcheck-3724051113\\sandbox.vhdx"}
  [OK  ] E10b iscsi_remove_virtual_disk.ps1（仅移除登记）
         exit=0 耗时=9970ms
         json: {"ok":true,"action":"removed","path":"C:\\Users\\ADMINI~1\\AppData\\Local\\Temp\\2\\vaultcheck-3724051113\\sandbox.vhdx"}
  [OK  ] E10c iscsi_remove_target.ps1
         exit=0 耗时=15054ms
         json: {"ok":true,"action":"removed","target_name":"vaultcheck-222844-a"}
  [OK  ] E10d 清理对照目标（带下划线）
         exit=0 耗时=6471ms
         stdout: done

=== F. 发起端（Initiator）只读探测 ===
  [OK  ] F1 initiator_available.ps1
         exit=0 耗时=893ms
         json: {"ok":true,"module_version":"","service_name":"MSiSCSI","service_status":"Stopped"}
  [OK  ] F2 已注册门户（Get-IscsiTargetPortal）
         exit=0 耗时=786ms
         stdout: portal 数量: 0
  [OK  ] F3 当前会话（Get-IscsiSession）
         exit=0 耗时=751ms
         stdout: 会话数量: 0
  [SKIP] F4 连接/断开/门户增删类脚本
         刻意不执行：属客户端侧能力，需要真实对端；本机 loopback iSCSI 可能把服务器挂死（见报告末尾）

=== G. 其他 ===
  [OK  ] G1 tls_cert_fingerprint.ps1（本机证书指纹查询）
         exit=0 耗时=280ms
         json: {"ok":true,"count":0,"certificates":[]}
  [SKIP] G3 vhd_optimize / vhd_reset_disk_identifier
         已检测到 Set-VHD；实际执行需要一块未被占用的 VHDX，建议随建盘流水线一起验证
  [OK  ] G4 磁盘 / 卷快照
         exit=0 耗时=2086ms
         json: {"disks":3,"volumes":6}
  [OK  ] 沙箱清理
         已删除 C:\Users\ADMINI~1\AppData\Local\Temp\2\vaultcheck-3724051113

=== 说明 / 未覆盖项 ===
  [OK  ] 写操作隔离
         所有写操作只发生在沙箱内（临时目录 + vaultcheck-* 命名的目标/虚拟盘/LV），结束自动清理
  [SKIP] 发起端连接/断开/门户增删类脚本
         刻意不执行：属客户端侧能力，需要真实对端；同一台机器上的 loopback iSCSI（自己连自己）有把服务器挂死的风险
  [SKIP] VirtDisk 的 Go 绑定直调
         跨平台单文件无法引入 windows-only 包；已用 New-IscsiVirtualDisk / Mount-DiskImage / volume_* 脚本等价覆盖同一套系统能力

=== 汇总 ===
  OK=45 FAIL=5 WARN=2 SKIP=4  （耗时 175.8s）

需要处理的失败项（按出现顺序）：
  1) [C. Windows 角色 / 服务 / 模块] 服务 MSiSCSI
     复现: Start-Service MSiSCSI ; Set-Service MSiSCSI -StartupType Automatic
  2) [D. VHDX + 卷链路（沙箱内真实执行）] D4 volume_find_disk.ps1（按路径反查磁盘号）
     复现: & .\scripts\volume_find_disk.ps1 -VhdxPath 'C:\Users\ADMINI~1\AppData\Local\Temp\2\vaultcheck-3724051113\sandbox.vhdx'
  3) [D. VHDX + 卷链路（沙箱内真实执行）] D6 volume_ensure_formatted.ps1（初始化/分区/格式化）
     复现: & .\scripts\volume_ensure_formatted.ps1 -VhdxPath 'C:\Users\ADMINI~1\AppData\Local\Temp\2\vaultcheck-3724051113\sandbox.vhdx' -FileSystem NTFS -Label VAULT
  4) [E. iSCSI 目标全链路（沙箱命名，自清理）] E5b Set -InitiatorIds 非空
     复现: Set-IscsiServerTarget -TargetName 'vaultcheck-222844-a' -InitiatorIds @('IPAddress:127.0.0.1')
  5) [E. iSCSI 目标全链路（沙箱命名，自清理）] E5d Set -EnableChap（单向 CHAP）
     复现: Set-IscsiServerTarget -TargetName 'vaultcheck-222844-a' -EnableChap:$true -Chap <PSCredential>

把这份日志整个发回即可（含上方每一节的原始输出）。
日志文件：E:\vault-server-0.1.16-win64\vault-check-WIN-0E595H11JSS-20260930-222811.log
