Vault 环境自检报告
============================================================
时间      : 2026-09-30 23:44:32
主机      : WIN-0E595H11JSS
操作系统  : windows/amd64
工作目录  : E:\vault-server-0.1.16-win64
参数      : skip-write=false keep=false lvm-sandbox=false sandbox-dir="" timeout=1m30s
日志      : E:\vault-server-0.1.16-win64\vault-check-WIN-0E595H11JSS-20260930-234432.log

=== A. 运行环境 ===
  [OK  ] PowerShell 可用性
         版本 5.1.26100（Desktop），编码 utf-8
  [OK  ] 进程位数
         64 位（iSCSI/Storage 模块要求 64 位 PowerShell）
  [OK  ] 管理员权限
         当前为管理员
  [OK  ] 沙箱目录
         C:\Users\ADMINI~1\AppData\Local\Temp\2\vaultcheck-4164333404

=== B. 外部命令 ===
  [OK  ] powershell.exe
         已在 PATH 中
  [OK  ] robocopy.exe
         已在 PATH 中
  [OK  ] icacls.exe
         已在 PATH 中
  [OK  ] cmd.exe
         已在 PATH 中
  [OK  ] robocopy 可执行
         exit=16（robocopy 的 /? 正常返回 16 或 0）

=== C. Windows 角色 / 服务 / 模块 ===
  [OK  ] IscsiTarget 模块
         版本 2.0.0.0
  [OK  ] 服务 WinTarget
         Running（Automatic）
  [WARN] 服务 MSiSCSI
         服务状态=Stopped（发起端服务：服务端机器上未运行属正常；仅当本机也要挂载 iSCSI 磁盘时才需启动）
  [OK  ] Hyper-V 模块（Set-VHD）
         可用：支持空间回收与重置磁盘标识
  [OK  ] Storage 模块 cmdlet（12 个）
         exit=0 耗时=2843ms
         json: {"ok":true,"checked":12}

=== D. VHDX + 卷链路（沙箱内真实执行） ===
  [OK  ] D1 创建 VHDX（64MB，动态）
         exit=0 耗时=6279ms
         stdout: iscsi
  [OK  ] D2 挂载 VHDX（Mount-DiskImage）
         exit=0 耗时=2089ms
         json: {"ok":true,"attached":true,"size":67108864}
  [OK  ] D3 刷新存储缓存（Update-HostStorageCache）
         exit=0 耗时=4337ms
         json: {"ok":true}
  [OK  ] D4 volume_find_disk.ps1（按路径反查磁盘号）
         exit=0 耗时=2158ms
         json: {"ok":true,"number":3,"partition_style":"RAW","size":67108864,"location":"C:\\Users\\Administrator\\AppData\\Local\\Temp\\2\\vaultcheck-4164333404\\sandbox.vhdx","source":"disk_image"}
  [OK  ] D5 volume_update_cache.ps1
         exit=0 耗时=2039ms
         json: {"ok":true}
  [OK  ] D6 volume_ensure_formatted.ps1（初始化/分区/格式化）
         exit=0 耗时=6012ms
         json: {"ok":true,"drive_letter":"G","partition_number":1,"file_system":"NTFS","size_bytes":66973696,"disk_number":3,"partition_style":"GPT"}
  [OK  ] D7 volume_current_mount.ps1
         exit=0 耗时=2070ms
         json: {"ok":true,"mount_path":"G:","mount_mode":"letter","disk_number":3,"partition_number":1}
  [OK  ] D8 volume_set_disk_state.ps1（离线/只读开关）
         exit=0 耗时=2116ms
         json: {"ok":true,"number":3,"is_offline":false,"is_read_only":false}
  [OK  ] D10 volume_mount_dir.ps1（目录挂载点）
         exit=0 耗时=2436ms
         json: {"ok":true,"action":"assigned","access_path":"C:\\Users\\Administrator\\AppData\\Local\\Temp\\2\\vaultcheck-4164333404\\mnt","partition_number":1}
  [OK  ] D11 volume_unmount.ps1（卸载目录挂载点）
         exit=0 耗时=2225ms
         json: {"ok":true,"action":"none","access_path":"C:\\Users\\Administrator\\AppData\\Local\\Temp\\2\\vaultcheck-4164333404\\mnt"}
  [OK  ] D12 volume_freespace.ps1
         exit=0 耗时=1996ms
         json: {"ok":true,"free":153184346112,"total":188828233728,"file_system":"NTFS","drive_letter":"C","source":"Get-Volume"}
  [OK  ] D13 volume_filesystem.ps1
         exit=0 耗时=1987ms
         json: {"ok":true,"file_system":"NTFS","drive_letter":"C","source":"Get-Volume"}
  [OK  ] D14 robocopy 递归拷贝
         exit=1（<8 即成功）
  [OK  ] D15 分离 VHDX（Dismount-DiskImage）
         exit=0 耗时=2045ms
         json: {"ok":true}

=== E. iSCSI 目标全链路（沙箱命名，自清理） ===
  [OK  ] E1 iscsi_available.ps1
         exit=0 耗时=400ms
         json: {"ok":true,"module_version":"2.0.0.0","service_name":"WinTarget","service_status":"Running"}
  [OK  ] E2 建目标（连字符名）
         exit=0 耗时=10271ms
         json: {"ok":true,"step":"done","action":"created","target_name":"vaultcheck-234515-a","initiator_ids_updated":false,"initiator_bind":"unchanged","chap_enabled":false,"reverse_chap_enabled":false}
  [OK  ] E3 对照：带下划线名被拒绝
         符合 IQN 语法（'_' 非法）→ 目标名必须只用字母数字和 '-'
         exit=0 耗时=5832ms
         json: {"created":false,"type":"IscsiCmdException","message":"Unable to create the iSCSI target."}
  [OK  ] E4 iscsi_get_targets.ps1（枚举）
         exit=0 耗时=5496ms
         json: {"ok":true,"count":2,"targets":[{"name":"vault-0b2b0169-8a7c29a9","enabled":true,"enabled_source":"Status","status":"NotConnected","status_value":"1","initiator_ids":[],"mapped_devices":[]},{"name":"vaultcheck-234515-a","enabled":true,"enabled_source":"Status","status":"NotConnected","status_value":"1","initiator_ids":[],"mapped_devices":[]}]}
  [OK  ] E4b 目标名的真实存储形态
         exit=0 耗时=5787ms
         stdout: [{"TargetName":"vault-0b2b0169-8a7c29a9","Enabled":null},{"TargetName":"vaultcheck-234515-a","Enabled":null}]
  [OK  ] E4c 目标对象的属性清单
         exit=0 耗时=4977ms
         stdout: ChapUserName,ClusterGroupName,ComputerName,Description,EnableChap,EnableReverseChap,EnforceIdleTimeoutDetection,FirstBurstLength,IdleDuration,InitiatorIds,LastLogin,LunMappings,MaxBurstLength,MaxReceiveDataSegmentLength,ReceiveBufferCount,ReverseChapUserName,Sessions,Status,TargetIqn,TargetName
  [OK  ] E4d 目标 Status 的枚举成员表
         exit=0 耗时=5477ms
         stdout: type=Microsoft.Iscsi.Target.Commands.IscsiTargetStatus ;; current=NotConnected(1) ;; members: Unknown=0, NotConnected=1, Connected=2, Disabled=3
  [OK  ] E5a Set -InitiatorIds @()（清空）
         exit=0 耗时=10058ms
         json: {"ok":true,"step":"done","action":"updated","target_name":"vaultcheck-234515-a","initiator_ids_updated":true,"initiator_bind":"object:InitiatorId","chap_enabled":false,"reverse_chap_enabled":false}
  [OK  ] E5b-1 授权参数的类型/别名
         exit=0 耗时=323ms
         stdout: TargetName:System.String aliases= ;; InputObject:Microsoft.Iscsi.Target.Commands.IscsiServerTarget aliases= ;; TargetIqn:Microsoft.Iscsi.Target.Commands.Iqn aliases= ;; Description:System.String aliases= ;; Enable:System.Boolean aliases= ;; EnableChap:System.Boolean aliases= ;; Chap:System.Management.Automation.PSCredential aliases= ;; EnableReverseChap:System.Boolean aliases= ;; ReverseChap:System.Management.Automation.PSCredential aliases= ;; MaxReceiveDataSegmentLength:System.Int32 aliases= ;; FirstBurstLength:System.Int32 aliases= ;; MaxBurstLength:System.Int32 aliases= ;; ReceiveBufferCount:System.Int32 aliases= ;; EnforceIdleTimeoutDetection:System.Boolean aliases= ;; InitiatorIds:Microsoft.Iscsi.Target.Commands.InitiatorId[] aliases= ;; PassThru:System.Management.Automation.SwitchParameter aliases= ;; ComputerName:System.String aliases= ;; Credential:System.Management.Automation.PSCredential aliases= ;; Verbose:System.Management.Automation.SwitchParameter aliases=vb ;; Debug:System.Management.Automation.SwitchParameter aliases=db ;; ErrorAction:System.Management.Automation.ActionPreference aliases=ea ;; WarningAction:System.Management.Automation.ActionPreference aliases=wa ;
         ...（截断，共 1534 字节）
  [OK  ] E5b-2 InitiatorId 构造签名
         exit=0 耗时=318ms
         stdout: ctors: Void .ctor(System.String) ;; props: Method(MethodType), Value(String)
  [WARN] E5b-3 对照：-InitiatorIds 接受字符串
         该版本可直接传字符串，脚本会走 string 分支
  [OK  ] E5b Set -InitiatorIds 非空（脚本自适应转换）
         exit=0 耗时=10046ms
         json: {"ok":true,"step":"done","action":"updated","target_name":"vaultcheck-234515-a","initiator_ids_updated":true,"initiator_bind":"object:InitiatorId","chap_enabled":false,"reverse_chap_enabled":false}
  [OK  ] E5c Set -Enable $false
         exit=0 耗时=10033ms
         json: {"ok":true,"step":"done","action":"updated","target_name":"vaultcheck-234515-a","initiator_ids_updated":false,"initiator_bind":"unchanged","chap_enabled":false,"reverse_chap_enabled":false}
  [OK  ] E5c-1 停用后的目标对象
         exit=0 耗时=5543ms
         json: {"ChapUserName":null,"ClusterGroupName":"","ComputerName":"WIN-0E595H11JSS","Description":"","EnableChap":false,"EnableReverseChap":false,"EnforceIdleTimeoutDetection":true,"FirstBurstLength":65536,"IdleDuration":{"Ticks":690000000,"Days":0,"Hours":0,"Milliseconds":0,"Minutes":1,"Seconds":9,"TotalDays":0.000798611111111111,"TotalHours":0.019166666666666665,"TotalMilliseconds":69000,"TotalMinutes":1.1500000000000001,"TotalSeconds":69},"InitiatorIds":[{"Method":2,"Value":"127.0.0.1"}],"LastLogin":null,"LunMappings":[],"MaxBurstLength":262144,"MaxReceiveDataSegmentLength":65536,"ReceiveBufferCount":10,"ReverseChapUserName":null,"Sessions":[],"Status":3,"TargetIqn":{},"TargetName":"vaultcheck-234515-a"}
  [OK  ] E5c-2 停用后 iscsi_get_targets 应报 enabled=false
         exit=0 耗时=4987ms
         json: {"ok":true,"count":1,"targets":[{"name":"vaultcheck-234515-a","enabled":false,"enabled_source":"Status","status":"Disabled","status_value":"3","initiator_ids":["IPAddress:127.0.0.1"],"mapped_devices":[]}]}
  [WARN] E5d CHAP 密钥形态
         本次使用 12 字节随机 base64 = 16 字符，样本=1TyUpvhNxOkyfaiV；若 Windows 拒绝 CHAP，请优先怀疑密钥字符集
  [OK  ] E5d Set -EnableChap（单向 CHAP）
         exit=0 耗时=10869ms
         json: {"ok":true,"step":"done","action":"updated","target_name":"vaultcheck-234515-a","initiator_ids_updated":false,"initiator_bind":"unchanged","chap_enabled":true,"reverse_chap_enabled":false}
  [OK  ] E5e CHAP 参数类型探测
         exit=0 耗时=723ms
         stdout: Chap 参数类型: pscredential
  [OK  ] E6 iscsi_ensure_virtual_disk.ps1（登记虚拟盘）
         exit=0 耗时=11693ms
         json: {"ok":true,"action":"updated","path":"C:\\Users\\ADMINI~1\\AppData\\Local\\Temp\\2\\vaultcheck-4164333404\\sandbox.vhdx","description":"vaultcheck"}
  [OK  ] E7a 映射 cmdlet 参数名探测
         exit=0 耗时=719ms
         stdout: 参数: TargetName,Path,Lun,ComputerName,Credential,Verbose,Debug,ErrorAction,WarningAction,InformationAction,ErrorVariable,WarningVariable,InformationVariable,OutVariable,OutBuffer,PipelineVariable
  [OK  ] E7b iscsi_add_mapping.ps1（建立映射）
         exit=0 耗时=15119ms
         json: {"ok":true,"action":"added","verified_added":true,"target_name":"vaultcheck-234515-a","device_path":"C:\\Users\\ADMINI~1\\AppData\\Local\\Temp\\2\\vaultcheck-4164333404\\sandbox.vhdx"}
  [OK  ] E7c IscsiTarget 模块的全部 cmdlet
         exit=0 耗时=317ms
         stdout: Add-IscsiVirtualDiskTargetMapping, Checkpoint-IscsiVirtualDisk, Convert-IscsiVirtualDisk, Dismount-IscsiVirtualDiskSnapshot, Expand-IscsiVirtualDisk, Export-IscsiTargetServerConfiguration, Export-IscsiVirtualDiskSnapshot, Get-IscsiServerTarget, Get-IscsiTargetServerSetting, Get-IscsiVirtualDisk, Get-IscsiVirtualDiskSnapshot, Import-IscsiTargetServerConfiguration, Import-IscsiVirtualDisk, Mount-IscsiVirtualDiskSnapshot, New-IscsiServerTarget, New-IscsiVirtualDisk, Remove-IscsiServerTarget, Remove-IscsiVirtualDisk, Remove-IscsiVirtualDiskSnapshot, Remove-IscsiVirtualDiskTargetMapping, Resize-IscsiVirtualDisk, Restore-IscsiVirtualDisk, Set-IscsiServerTarget, Set-IscsiTargetServerSetting, Set-IscsiVirtualDisk, Set-IscsiVirtualDiskSnapshot, Stop-IscsiVirtualDiskOperation
  [OK  ] E7d 虚拟盘对象的全部属性（映射是否可见）
         exit=0 耗时=5406ms
         stdout: ClusterGroupName= ;; ComputerName=WIN-0E595H11JSS ;; Description=vaultcheck ;; DiskType=Dynamic ;; HostVolumeId={E54C90E6-8E6D-48D3-A9EA-B19032D08098} ;; LocalMountDeviceId= ;; OriginalPath= ;; ParentPath= ;; Path=C:\Users\ADMINI~1\AppData\Local\Temp\2\vaultcheck-4164333404\sandbox.vhdx ;; SerialNumber=AFEFFDE2-F99F-46B2-8837-DB1CAE48DB0E ;; Size=67108864 ;; SnapshotIds= ;; Status=NotConnected ;; VirtualDiskIndex=822510417
  [OK  ] E8 Set -Enable $true（映射后启用）
         exit=0 耗时=10015ms
         json: {"ok":true,"step":"done","action":"updated","target_name":"vaultcheck-234515-a","initiator_ids_updated":false,"initiator_bind":"unchanged","chap_enabled":false,"reverse_chap_enabled":false}
  [OK  ] E8-1 启用后的目标对象（与 E5c-1 对比）
         exit=0 耗时=4939ms
         json: {"ChapUserName":"vaultcheck","ClusterGroupName":"","ComputerName":"WIN-0E595H11JSS","Description":"","EnableChap":true,"EnableReverseChap":false,"EnforceIdleTimeoutDetection":true,"FirstBurstLength":65536,"IdleDuration":{"Ticks":1340000000,"Days":0,"Hours":0,"Milliseconds":0,"Minutes":2,"Seconds":14,"TotalDays":0.0015509259259259259,"TotalHours":0.037222222222222219,"TotalMilliseconds":134000,"TotalMinutes":2.2333333333333334,"TotalSeconds":134},"InitiatorIds":[{"Method":2,"Value":"127.0.0.1"}],"LastLogin":null,"LunMappings":[{"TargetName":"vaultcheck-234515-a","Path":"C:\\Users\\ADMINI~1\\AppData\\Local\\Temp\\2\\vaultcheck-4164333404\\sandbox.vhdx","Lun":0}],"MaxBurstLength":262144,"MaxReceiveDataSegmentLength":65536,"ReceiveBufferCount":10,"ReverseChapUserName":null,"Sessions":[],"Status":1,"TargetIqn":{},"TargetName":"vaultcheck-234515-a"}
  [OK  ] E8-2 启用后 iscsi_get_targets 应报 enabled=true
         exit=0 耗时=5514ms
         json: {"ok":true,"count":1,"targets":[{"name":"vaultcheck-234515-a","enabled":true,"enabled_source":"Status","status":"NotConnected","status_value":"1","initiator_ids":["IPAddress:127.0.0.1"],"mapped_devices":["C:\\Users\\ADMINI~1\\AppData\\Local\\Temp\\2\\vaultcheck-4164333404\\sandbox.vhdx"]}]}
  [FAIL] E8-2b 启用状态映射错误（启用却报未启用）
         目标已 -Enable $true，但脚本仍报 enabled=false：Status→enabled 的映射不对
         exit=0 耗时=5514ms
         json: {"ok":true,"count":1,"targets":[{"name":"vaultcheck-234515-a","enabled":true,"enabled_source":"Status","status":"NotConnected","status_value":"1","initiator_ids":["IPAddress:127.0.0.1"],"mapped_devices":["C:\\Users\\ADMINI~1\\AppData\\Local\\Temp\\2\\vaultcheck-4164333404\\sandbox.vhdx"]}]}
  [OK  ] E9 iscsi_get_virtual_disks.ps1
         exit=0 耗时=10081ms
         json: {"ok":true,"count":1,"disks":[{"path":"C:\\Users\\ADMINI~1\\AppData\\Local\\Temp\\2\\vaultcheck-4164333404\\sandbox.vhdx","description":"vaultcheck","target_names":["vaultcheck-234515-a"]}]}
  [OK  ] E7e Remove 映射 cmdlet 的参数集
         exit=0 耗时=344ms
         stdout: TargetName:System.String ;; Path:System.String ;; ComputerName:System.String ;; Credential:System.Management.Automation.PSCredential ;; Verbose:System.Management.Automation.SwitchParameter ;; Debug:System.Management.Automation.SwitchParameter ;; ErrorAction:System.Management.Automation.ActionPreference ;; WarningAction:System.Management.Automation.ActionPreference ;; InformationAction:System.Management.Automation.ActionPreference ;; ErrorVariable:System.String ;; WarningVariable:System.String ;; InformationVariable:System.String ;; OutVariable:System.String ;; OutBuffer:System.Int32 ;; PipelineVariable:System.String
  [OK  ] E10a iscsi_remove_mapping.ps1
         exit=0 耗时=19705ms
         json: {"ok":true,"action":"removed","verified_removed":true,"target_name":"vaultcheck-234515-a","device_path":"C:\\Users\\ADMINI~1\\AppData\\Local\\Temp\\2\\vaultcheck-4164333404\\sandbox.vhdx"}
  [OK  ] E10a-2 解除后目标侧不应再有该映射
         exit=0 耗时=5420ms
         stdout: luns=
  [OK  ] E10b iscsi_remove_virtual_disk.ps1（仅移除登记）
         exit=0 耗时=9963ms
         json: {"ok":true,"action":"removed","path":"C:\\Users\\ADMINI~1\\AppData\\Local\\Temp\\2\\vaultcheck-4164333404\\sandbox.vhdx"}
  [OK  ] E10c iscsi_remove_target.ps1
         exit=0 耗时=14543ms
         json: {"ok":true,"action":"removed","target_name":"vaultcheck-234515-a"}
  [OK  ] E10d 清理对照目标（带下划线）
         exit=0 耗时=6245ms
         stdout: done

=== F. 发起端（Initiator）只读探测 ===
  [OK  ] F1 initiator_available.ps1
         exit=0 耗时=848ms
         json: {"ok":true,"module_version":"","service_name":"MSiSCSI","service_status":"Stopped"}
  [OK  ] F2 已注册门户（Get-IscsiTargetPortal）
         exit=0 耗时=757ms
         stdout: portal 数量: 0
  [OK  ] F3 当前会话（Get-IscsiSession）
         exit=0 耗时=740ms
         stdout: 会话数量: 0
  [SKIP] F4 连接/断开/门户增删类脚本
         刻意不执行：属客户端侧能力，需要真实对端；本机 loopback iSCSI 可能把服务器挂死（见报告末尾）

=== G. 其他 ===
  [OK  ] G1 tls_cert_fingerprint.ps1（本机证书指纹查询）
         exit=0 耗时=269ms
         json: {"ok":true,"count":0,"certificates":[]}
  [SKIP] G3 vhd_optimize / vhd_reset_disk_identifier
         已检测到 Set-VHD；实际执行需要一块未被占用的 VHDX，建议随建盘流水线一起验证
  [OK  ] G4 磁盘 / 卷快照
         exit=0 耗时=2104ms
         json: {"disks":3,"volumes":6}
  [OK  ] 沙箱清理
         已删除 C:\Users\ADMINI~1\AppData\Local\Temp\2\vaultcheck-4164333404

=== 说明 / 未覆盖项 ===
  [OK  ] 写操作隔离
         所有写操作只发生在沙箱内（临时目录 + vaultcheck-* 命名的目标/虚拟盘/LV），结束自动清理
  [SKIP] 发起端连接/断开/门户增删类脚本
         刻意不执行：属客户端侧能力，需要真实对端；同一台机器上的 loopback iSCSI（自己连自己）有把服务器挂死的风险
  [SKIP] VirtDisk 的 Go 绑定直调
         跨平台单文件无法引入 windows-only 包；已用 New-IscsiVirtualDisk / Mount-DiskImage / volume_* 脚本等价覆盖同一套系统能力

=== 汇总 ===
  OK=65 FAIL=1 WARN=3 SKIP=4  （耗时 264.9s）

需要处理的失败项（按出现顺序）：
  1) [E. iSCSI 目标全链路（沙箱命名，自清理）] E8-2b 启用状态映射错误（启用却报未启用）

把这份日志整个发回即可（含上方每一节的原始输出）。
日志文件：E:\vault-server-0.1.16-win64\vault-check-WIN-0E595H11JSS-20260930-234432.log
